| mongodb.js:18:7:18:21 | doc.find(query) |
| mongodb.js:21:7:21:48 | doc.fin ... itle }) |
| mongodb.js:24:7:24:53 | doc.fin ... r(1) }) |
| mongodb.js:29:9:29:34 | doc.fin ... itle }) |
| mongodb.js:32:9:32:46 | doc.fin ... tle) }) |
| mongodb.js:43:7:43:21 | doc.find(query) |
| mongodb.js:54:7:54:21 | doc.find(query) |
| mongodb.js:98:5:98:19 | doc.find(query) |
| mongodb.js:112:5:112:19 | doc.find(query) |
| mongodb_bodySafe.js:18:7:18:21 | doc.find(query) |
| mongodb_bodySafe.js:29:7:29:21 | doc.find(query) |
| mongoose.js:65:2:65:51 | Documen ... on(){}) |
| mongoose.js:85:2:85:52 | Documen ... query)) |
| mongoose.js:86:2:86:52 | Documen ... query)) |
| mongoose.js:92:2:92:52 | Documen ... query)) |
| mongoose.js:93:2:93:49 | Documen ... query)) |
| mongoose.js:99:2:99:50 | Documen ... query)) |
| socketio.js:11:5:11:54 | db.run( ... ndle}`) |
| tst2.js:7:3:7:62 | sql.que ... ms.id}` |
| tst2.js:9:3:9:85 | new sql ...  + "'") |
| tst3.js:9:3:11:4 | pool.qu ... ts\\n  }) |
| tst3.js:16:3:18:4 | pool.qu ... ts\\n  }) |
| tst4.js:8:3:8:67 | db.get( ...  + '"') |
| tst.js:10:3:10:65 | db.get( ...  + '"') |
